// Jest Snapshot v1, https://goo.gl/fbAQLP

exports[`Homepage contains list of all customers take a snapshot from Home Component 1`] = `
<div
  className="MuiGrid-root makeStyles-rootGrid-1"
>
  <div
    className="MuiGrid-root makeStyles-rootGrid-2"
  >
    <div />
    <div
      className="MuiGrid-root MuiGrid-container MuiGrid-align-items-xs-center"
    >
      <div
        className="MuiGrid-root makeStyles-rootGrid-8 MuiGrid-item"
      >
        <div
          className="MuiGrid-root makeStyles-searchGrid-10 MuiGrid-container MuiGrid-align-items-xs-center MuiGrid-justify-xs-center"
        >
          <div
            className="MuiFormControl-root MuiTextField-root makeStyles-searchNameInput-9"
          >
            <label
              className="MuiFormLabel-root MuiInputLabel-root MuiInputLabel-formControl MuiInputLabel-animated MuiInputLabel-outlined"
              data-shrink={false}
            >
              Search
            </label>
            <div
              className="MuiInputBase-root MuiOutlinedInput-root MuiInputBase-formControl MuiInputBase-adornedEnd MuiOutlinedInput-adornedEnd"
              onClick={[Function]}
            >
              <input
                aria-invalid={false}
                autoFocus={false}
                className="MuiInputBase-input MuiOutlinedInput-input MuiInputBase-inputAdornedEnd MuiOutlinedInput-inputAdornedEnd"
                disabled={false}
                onAnimationStart={[Function]}
                onBlur={[Function]}
                onChange={[Function]}
                onFocus={[Function]}
                placeholder="Search in Customers first name or last name"
                required={false}
                type="text"
              />
              <div
                className="MuiInputAdornment-root MuiInputAdornment-positionEnd"
              >
                <svg
                  aria-hidden={true}
                  className="MuiSvgIcon-root"
                  focusable="false"
                  viewBox="0 0 24 24"
                >
                  <path
                    d="M15.5 14h-.79l-.28-.27C15.41 12.59 16 11.11 16 9.5 16 5.91 13.09 3 9.5 3S3 5.91 3 9.5 5.91 16 9.5 16c1.61 0 3.09-.59 4.23-1.57l.27.28v.79l5 4.99L20.49 19l-4.99-5zm-6 0C7.01 14 5 11.99 5 9.5S7.01 5 9.5 5 14 7.01 14 9.5 11.99 14 9.5 14z"
                  />
                </svg>
              </div>
              <fieldset
                aria-hidden={true}
                className="PrivateNotchedOutline-root-11 MuiOutlinedInput-notchedOutline"
              >
                <legend
                  className="PrivateNotchedOutline-legendLabelled-13"
                >
                  <span>
                    Search
                  </span>
                </legend>
              </fieldset>
            </div>
          </div>
        </div>
      </div>
    </div>
    <div
      className="MuiPaper-root makeStyles-tableContainer-5 MuiPaper-elevation1 MuiPaper-rounded"
    >
      <table
        className="MuiTable-root"
        role={null}
      >
        <thead
          className="MuiTableHead-root"
          role={null}
        >
          <tr
            className="MuiTableRow-root MuiTableRow-head"
            role={null}
          >
            <th
              aria-sort={null}
              className="MuiTableCell-root MuiTableCell-head makeStyles-tableHeaderCell-4"
              scope="col"
            >
              First Name
            </th>
            <th
              aria-sort={null}
              className="MuiTableCell-root MuiTableCell-head makeStyles-tableHeaderCell-4"
              scope="col"
            >
              Last Name
            </th>
            <th
              aria-sort={null}
              className="MuiTableCell-root MuiTableCell-head makeStyles-tableHeaderCell-4"
              scope="col"
            >
              Date Of Birth
            </th>
            <th
              aria-sort={null}
              className="MuiTableCell-root MuiTableCell-head"
              scope="col"
            />
            <th
              aria-sort={null}
              className="MuiTableCell-root MuiTableCell-head"
              scope="col"
            />
          </tr>
        </thead>
        <tbody
          className="MuiTableBody-root"
          role={null}
        >
          <tr
            className="MuiTableRow-root"
            role={null}
          >
            <th
              aria-sort={null}
              className="MuiTableCell-root MuiTableCell-body"
              role="cell"
              scope="row"
            >
              Forough
            </th>
            <td
              aria-sort={null}
              className="MuiTableCell-root MuiTableCell-body"
            >
              Almasi
            </td>
            <td
              aria-sort={null}
              className="MuiTableCell-root MuiTableCell-body"
            >
              1986-07-03
            </td>
            <td
              aria-sort={null}
              className="MuiTableCell-root MuiTableCell-body"
            >
              <a
                href="/user/6"
                onClick={[Function]}
                user={
                  Object {
                    "dateOfBirth": "1986-07-03",
                    "firstName": "Forough",
                    "id": "6",
                    "lastName": "Almasi",
                  }
                }
              >
                <svg
                  aria-hidden={true}
                  className="MuiSvgIcon-root"
                  focusable="false"
                  viewBox="0 0 24 24"
                >
                  <path
                    d="M3 17.25V21h3.75L17.81 9.94l-3.75-3.75L3 17.25zM20.71 7.04c.39-.39.39-1.02 0-1.41l-2.34-2.34a.9959.9959 0 00-1.41 0l-1.83 1.83 3.75 3.75 1.83-1.83z"
                  />
                </svg>
              </a>
            </td>
            <td
              aria-sort={null}
              className="MuiTableCell-root MuiTableCell-body MuiTableCell-alignRight"
            >
              <button
                className="MuiButtonBase-root MuiIconButton-root"
                disabled={false}
                onBlur={[Function]}
                onClick={[Function]}
                onDragLeave={[Function]}
                onFocus={[Function]}
                onKeyDown={[Function]}
                onKeyUp={[Function]}
                onMouseDown={[Function]}
                onMouseLeave={[Function]}
                onMouseUp={[Function]}
                onTouchEnd={[Function]}
                onTouchMove={[Function]}
                onTouchStart={[Function]}
                tabIndex={0}
                type="button"
              >
                <span
                  className="MuiIconButton-label"
                >
                  <svg
                    aria-hidden={true}
                    className="MuiSvgIcon-root"
                    focusable="false"
                    viewBox="0 0 24 24"
                  >
                    <path
                      d="M6 19c0 1.1.9 2 2 2h8c1.1 0 2-.9 2-2V7H6v12zM19 4h-3.5l-1-1h-5l-1 1H5v2h14V4z"
                    />
                  </svg>
                </span>
                <span
                  className="MuiTouchRipple-root"
                />
              </button>
            </td>
          </tr>
          <tr
            className="MuiTableRow-root"
            role={null}
          >
            <th
              aria-sort={null}
              className="MuiTableCell-root MuiTableCell-body"
              role="cell"
              scope="row"
            >
              Victoria
            </th>
            <td
              aria-sort={null}
              className="MuiTableCell-root MuiTableCell-body"
            >
              Beckham
            </td>
            <td
              aria-sort={null}
              className="MuiTableCell-root MuiTableCell-body"
            >
              2014-06-17
            </td>
            <td
              aria-sort={null}
              className="MuiTableCell-root MuiTableCell-body"
            >
              <a
                href="/user/8"
                onClick={[Function]}
                user={
                  Object {
                    "dateOfBirth": "2014-06-17",
                    "firstName": "Victoria",
                    "id": "8",
                    "lastName": "Beckham",
                  }
                }
              >
                <svg
                  aria-hidden={true}
                  className="MuiSvgIcon-root"
                  focusable="false"
                  viewBox="0 0 24 24"
                >
                  <path
                    d="M3 17.25V21h3.75L17.81 9.94l-3.75-3.75L3 17.25zM20.71 7.04c.39-.39.39-1.02 0-1.41l-2.34-2.34a.9959.9959 0 00-1.41 0l-1.83 1.83 3.75 3.75 1.83-1.83z"
                  />
                </svg>
              </a>
            </td>
            <td
              aria-sort={null}
              className="MuiTableCell-root MuiTableCell-body MuiTableCell-alignRight"
            >
              <button
                className="MuiButtonBase-root MuiIconButton-root"
                disabled={false}
                onBlur={[Function]}
                onClick={[Function]}
                onDragLeave={[Function]}
                onFocus={[Function]}
                onKeyDown={[Function]}
                onKeyUp={[Function]}
                onMouseDown={[Function]}
                onMouseLeave={[Function]}
                onMouseUp={[Function]}
                onTouchEnd={[Function]}
                onTouchMove={[Function]}
                onTouchStart={[Function]}
                tabIndex={0}
                type="button"
              >
                <span
                  className="MuiIconButton-label"
                >
                  <svg
                    aria-hidden={true}
                    className="MuiSvgIcon-root"
                    focusable="false"
                    viewBox="0 0 24 24"
                  >
                    <path
                      d="M6 19c0 1.1.9 2 2 2h8c1.1 0 2-.9 2-2V7H6v12zM19 4h-3.5l-1-1h-5l-1 1H5v2h14V4z"
                    />
                  </svg>
                </span>
                <span
                  className="MuiTouchRipple-root"
                />
              </button>
            </td>
          </tr>
          <tr
            className="MuiTableRow-root"
            role={null}
          >
            <th
              aria-sort={null}
              className="MuiTableCell-root MuiTableCell-body"
              role="cell"
              scope="row"
            >
              david
            </th>
            <td
              aria-sort={null}
              className="MuiTableCell-root MuiTableCell-body"
            >
              beckham
            </td>
            <td
              aria-sort={null}
              className="MuiTableCell-root MuiTableCell-body"
            >
              2020-11-17
            </td>
            <td
              aria-sort={null}
              className="MuiTableCell-root MuiTableCell-body"
            >
              <a
                href="/user/7"
                onClick={[Function]}
                user={
                  Object {
                    "dateOfBirth": "2020-11-17",
                    "firstName": "david",
                    "id": "7",
                    "lastName": "beckham",
                  }
                }
              >
                <svg
                  aria-hidden={true}
                  className="MuiSvgIcon-root"
                  focusable="false"
                  viewBox="0 0 24 24"
                >
                  <path
                    d="M3 17.25V21h3.75L17.81 9.94l-3.75-3.75L3 17.25zM20.71 7.04c.39-.39.39-1.02 0-1.41l-2.34-2.34a.9959.9959 0 00-1.41 0l-1.83 1.83 3.75 3.75 1.83-1.83z"
                  />
                </svg>
              </a>
            </td>
            <td
              aria-sort={null}
              className="MuiTableCell-root MuiTableCell-body MuiTableCell-alignRight"
            >
              <button
                className="MuiButtonBase-root MuiIconButton-root"
                disabled={false}
                onBlur={[Function]}
                onClick={[Function]}
                onDragLeave={[Function]}
                onFocus={[Function]}
                onKeyDown={[Function]}
                onKeyUp={[Function]}
                onMouseDown={[Function]}
                onMouseLeave={[Function]}
                onMouseUp={[Function]}
                onTouchEnd={[Function]}
                onTouchMove={[Function]}
                onTouchStart={[Function]}
                tabIndex={0}
                type="button"
              >
                <span
                  className="MuiIconButton-label"
                >
                  <svg
                    aria-hidden={true}
                    className="MuiSvgIcon-root"
                    focusable="false"
                    viewBox="0 0 24 24"
                  >
                    <path
                      d="M6 19c0 1.1.9 2 2 2h8c1.1 0 2-.9 2-2V7H6v12zM19 4h-3.5l-1-1h-5l-1 1H5v2h14V4z"
                    />
                  </svg>
                </span>
                <span
                  className="MuiTouchRipple-root"
                />
              </button>
            </td>
          </tr>
        </tbody>
      </table>
    </div>
  </div>
</div>
`;
